// Jest Snapshot v1, https://goo.gl/fbAQLP

exports[`ComponentName should render initial layout 1`] = `
Array [
<div>
    <input
         type="number"
    />
</div>,
]
`;
